============================= test session starts =============================
platform win32 -- Python 3.11.9, pytest-9.1.1, pluggy-1.6.0 -- C:\Dev\Crowdshield\backend\.venv\Scripts\python.exe
cachedir: .pytest_cache
rootdir: C:\Dev\Crowdshield\backend
plugins: anyio-4.14.2
collecting ... collected 449 items

tests/test_abstention.py::test_low_confidence_triggers_abstention PASSED [  0%]
tests/test_abstention.py::test_unresolved_contradiction_triggers_abstention PASSED [  0%]
tests/test_abstention.py::test_incomplete_evidence_triggers_abstention PASSED [  0%]
tests/test_abstention.py::test_clean_case_does_not_abstain PASSED        [  0%]
tests/test_abstention.py::test_confidence_exactly_at_floor_triggers_abstention PASSED [  1%]
tests/test_abstention.py::test_confidence_just_above_floor_does_not_abstain_on_confidence PASSED [  1%]
tests/test_abstention.py::test_acute_hazard_trigger_with_only_routine_category_abstains PASSED [  1%]
tests/test_abstention.py::test_acute_hazard_trigger_with_no_observations_abstains PASSED [  1%]
tests/test_abstention.py::test_acute_hazard_trigger_with_visible_hazard_category_does_not_abstain PASSED [  2%]
tests/test_abstention.py::test_acute_hazard_trigger_with_unusual_movement_category_does_not_abstain PASSED [  2%]
tests/test_abstention.py::test_acute_hazard_trigger_with_mixed_categories_one_hazard_does_not_abstain PASSED [  2%]
tests/test_abstention.py::test_risk_trigger_with_routine_category_is_unaffected_by_acute_hazard_gate PASSED [  2%]
tests/test_acute_hazard_detector.py::test_never_flags_before_baseline_established PASSED [  2%]
tests/test_acute_hazard_detector.py::test_calm_baseline_never_flags PASSED [  3%]
tests/test_acute_hazard_detector.py::test_single_signal_spike_alone_does_not_flag PASSED [  3%]
tests/test_acute_hazard_detector.py::test_multi_signal_spike_flags_is_acute_hazard PASSED [  3%]
tests/test_acute_hazard_detector.py::test_uniform_camera_pan_does_not_flag_synthetic PASSED [  3%]
tests/test_acute_hazard_detector.py::test_detection_count_collapse_contributes_to_corroboration PASSED [  4%]
tests/test_acute_hazard_detector.py::test_cooldown_suppresses_immediate_refire PASSED [  4%]
tests/test_acute_hazard_detector.py::test_two_detectors_do_not_share_state PASSED [  4%]
tests/test_acute_hazard_detector.py::test_scene_change_score_zero_for_identical_frames PASSED [  4%]
tests/test_acute_hazard_detector.py::test_scene_change_score_positive_for_different_frames PASSED [  4%]
tests/test_analysis_orchestrator.py::test_full_run_completes_and_constructs_every_component_exactly_once PASSED [  5%]
tests/test_analysis_orchestrator.py::test_fresh_tracker_per_run_no_shared_state_across_two_sessions PASSED [  5%]
tests/test_analysis_orchestrator.py::test_processing_state_is_genuinely_reached_mid_run PASSED [  5%]
tests/test_analysis_orchestrator.py::test_cancellation_mid_run_stops_promptly_and_reaches_cancelled PASSED [  5%]
tests/test_analysis_orchestrator.py::test_run_reaches_failed_on_unexpected_exception_with_real_error_message PASSED [  6%]
tests/test_analysis_orchestrator.py::test_transient_db_commit_failure_during_loop_a_does_not_crash_run PASSED [  6%]
tests/test_analysis_orchestrator.py::test_non_db_bug_during_periodic_checkpoint_still_fails_the_run_not_swallowed PASSED [  6%]
tests/test_analysis_orchestrator.py::test_sustained_outage_across_multiple_consecutive_checkpoints_recovers_cleanly PASSED [  6%]
tests/test_analysis_orchestrator.py::test_terminal_status_write_survives_one_transient_failure_and_still_reaches_completed PASSED [  6%]
tests/test_analysis_orchestrator.py::test_terminal_status_write_durable_outage_logs_critical_and_leaves_run_unresolved PASSED [  7%]
tests/test_analysis_orchestrator.py::test_loop_b_second_trigger_queues_third_evicts_oldest_when_cap_reached PASSED [  7%]
tests/test_analysis_orchestrator.py::test_run_waits_for_queued_semantic_work_before_reaching_completed PASSED [  7%]
tests/test_analysis_orchestrator.py::test_loop_b_uses_its_own_fresh_db_session_never_loop_as PASSED [  7%]
tests/test_analysis_orchestrator.py::test_loop_b_vlm_unavailable_is_caught_gracefully_evidence_marked_incomplete PASSED [  8%]
tests/test_analysis_orchestrator.py::test_active_incident_not_auto_resolved_when_video_ends PASSED [  8%]
tests/test_analysis_orchestrator.py::test_loop_b_acute_hazard_trigger_builds_temporal_evidence_and_creates_incident PASSED [  8%]
tests/test_auth.py::test_verify_credentials_correct_password PASSED      [  8%]
tests/test_auth.py::test_verify_credentials_wrong_password PASSED        [  8%]
tests/test_auth.py::test_verify_credentials_nonexistent_email PASSED     [  9%]
tests/test_auth.py::test_me_with_valid_token PASSED                      [  9%]
tests/test_auth.py::test_me_without_authorization_header PASSED          [  9%]
tests/test_auth.py::test_me_with_expired_or_invalid_token PASSED         [  9%]
tests/test_auth.py::test_me_with_old_style_token_missing_purpose_claim_is_still_accepted PASSED [ 10%]
tests/test_auth.py::test_require_role_rejects_operator_allows_admin PASSED [ 10%]
tests/test_benchmark_sprint0_cpu.py::test_percentile_matches_known_values PASSED [ 10%]
tests/test_benchmark_sprint0_cpu.py::test_percentile_empty_list_returns_none PASSED [ 10%]
tests/test_benchmark_sprint0_cpu.py::test_latency_summary_empty_is_all_none_not_zero PASSED [ 10%]
tests/test_benchmark_sprint0_cpu.py::test_latency_summary_real_values PASSED [ 11%]
tests/test_benchmark_sprint0_cpu.py::test_compute_degradation_percent_throughput_drop PASSED [ 11%]
tests/test_benchmark_sprint0_cpu.py::test_compute_degradation_percent_no_change_is_zero PASSED [ 11%]
tests/test_benchmark_sprint0_cpu.py::test_compute_degradation_percent_missing_inputs_returns_none_not_fabricated PASSED [ 11%]
tests/test_benchmark_sprint0_cpu.py::test_failure_counter_records_success_and_failure_separately PASSED [ 12%]
tests/test_benchmark_sprint0_cpu.py::test_failure_counter_never_collapses_timeout_into_zero_latency PASSED [ 12%]
tests/test_benchmark_sprint0_cpu.py::test_failure_counter_serializes_to_json PASSED [ 12%]
tests/test_benchmark_sprint0_cpu.py::test_collect_machine_metadata_never_fabricates_missing_fields PASSED [ 12%]
tests/test_benchmark_sprint0_cpu.py::test_video_metadata_real_sha256_and_probe PASSED [ 12%]
tests/test_benchmark_sprint0_cpu.py::test_video_metadata_different_files_have_different_hashes PASSED [ 13%]
tests/test_benchmark_sprint0_cpu.py::test_resource_sampler_stop_before_start_data_returns_none_not_zero PASSED [ 13%]
tests/test_benchmark_sprint0_cpu.py::test_resource_sampler_real_short_run_collects_real_samples PASSED [ 13%]
tests/test_benchmark_sprint0_cpu.py::test_report_generation_marks_missing_scenarios_as_not_run PASSED [ 13%]
tests/test_benchmark_sprint0_cpu.py::test_report_generation_uses_real_baseline_json PASSED [ 14%]
tests/test_bottleneck.py::test_convergent_flow_produces_strong_bottleneck_signal_near_center PASSED [ 14%]
tests/test_bottleneck.py::test_uniform_flow_produces_no_false_positive_bottleneck_signal PASSED [ 14%]
tests/test_bottleneck.py::test_returns_none_before_window_has_two_frames_then_real_field PASSED [ 14%]
tests/test_bottleneck.py::test_two_detectors_do_not_share_state PASSED   [ 14%]
tests/test_box_to_point.py::test_collapse_box_to_point_matches_hand_calculated_formula PASSED [ 15%]
tests/test_box_to_point.py::test_collapse_box_to_point_with_nonzero_origin PASSED [ 15%]
tests/test_box_to_point.py::test_documented_constants_match_spec PASSED  [ 15%]
tests/test_bytetrack_adapter.py::test_tracking_continuity_and_velocity_on_straight_line_motion PASSED [ 15%]
tests/test_bytetrack_adapter.py::test_trajectory_bounded_to_configured_history_length PASSED [ 16%]
tests/test_bytetrack_adapter.py::test_correspondence_with_two_simultaneous_detections PASSED [ 16%]
tests/test_bytetrack_adapter.py::test_empty_detections_does_not_error PASSED [ 16%]
tests/test_bytetrack_adapter.py::test_lost_track_reappears_as_is_lost_with_last_known_position PASSED [ 16%]
tests/test_bytetrack_adapter.py::test_two_adapters_do_not_share_track_id_state PASSED [ 16%]
tests/test_bytetrack_adapter.py::test_detection_with_none_raw_box_raises PASSED [ 17%]
tests/test_bytetrack_adapter.py::test_nonpositive_fps_raises PASSED      [ 17%]
tests/test_congestion.py::test_high_density_and_low_flow_is_congested PASSED [ 17%]
tests/test_congestion.py::test_high_density_and_high_flow_is_not_congested_flowing_queue PASSED [ 17%]
tests/test_congestion.py::test_low_density_never_congested_regardless_of_flow PASSED [ 18%]
tests/test_congestion.py::test_mismatched_grid_shapes_raise_clear_error PASSED [ 18%]
tests/test_crowd_grid.py::test_grid_dimensions_derived_from_frame_size_and_cell_size PASSED [ 18%]
tests/test_crowd_grid.py::test_density_and_flow_grids_have_identical_shapes PASSED [ 18%]
tests/test_crowd_metrics_snapshot.py::test_snapshot_persisted_at_expected_cadence_during_short_real_run PASSED [ 18%]
tests/test_crowd_metrics_snapshot.py::test_get_latest_snapshot_returns_the_most_recent_row PASSED [ 19%]
tests/test_crowd_metrics_snapshot.py::test_get_snapshot_nearest_timestamp PASSED [ 19%]
tests/test_crowd_metrics_snapshot.py::test_no_snapshots_for_a_session_that_never_ran PASSED [ 19%]
tests/test_crowd_pressure.py::test_pressure_grid_matches_hand_calculated_pointwise_product PASSED [ 19%]
tests/test_crowd_pressure.py::test_max_and_mean_pressure_correctly_summarize_grid PASSED [ 20%]
tests/test_crowd_pressure.py::test_mismatched_grid_shapes_raise_clear_error PASSED [ 20%]
tests/test_crowd_pressure.py::test_units_disclaimer_present_and_nonempty PASSED [ 20%]
tests/test_decision_persistence.py::test_persist_creates_decision_row PASSED [ 20%]
tests/test_decision_persistence.py::test_round_trip_correctness PASSED   [ 20%]
tests/test_decision_persistence.py::test_watch_with_structured_report_persists_and_round_trips PASSED [ 21%]
tests/test_decision_persistence.py::test_no_update_function_exists_for_persisted_rows PASSED [ 21%]
tests/test_decision_persistence.py::test_get_session_decisions_ordering_and_scoping PASSED [ 21%]
tests/test_decision_persistence.py::test_get_decision_result_found_and_not_found PASSED [ 21%]
tests/test_decisions_api.py::test_list_session_decisions_requires_auth PASSED [ 22%]
tests/test_decisions_api.py::test_get_decision_requires_auth PASSED      [ 22%]
tests/test_decisions_api.py::test_list_session_decisions_returns_persisted_rows PASSED [ 22%]
tests/test_decisions_api.py::test_get_decision_returns_full_record PASSED [ 22%]
tests/test_decisions_api.py::test_get_decision_not_found PASSED          [ 22%]
tests/test_decisions_api.py::test_list_session_decisions_session_not_found PASSED [ 23%]
tests/test_density.py::test_tight_cluster_produces_clear_peak_near_zero_elsewhere PASSED [ 23%]
tests/test_density.py::test_uniformly_spread_points_produce_roughly_uniform_density PASSED [ 23%]
tests/test_density.py::test_zero_points_gives_all_zero_grid_at_full_confidence PASSED [ 23%]
tests/test_density.py::test_one_point_gracefully_degrades_no_crash PASSED [ 24%]
tests/test_density.py::test_two_points_gracefully_degrades_no_crash PASSED [ 24%]
tests/test_density.py::test_kde_normalization_recovers_input_track_count PASSED [ 24%]
tests/test_density.py::test_voronoi_disagreement_computed_and_small_for_well_conditioned_points PASSED [ 24%]
tests/test_density.py::test_high_voronoi_disagreement_lowers_confidence PASSED [ 24%]
tests/test_density.py::test_exactly_coincident_points_degrade_gracefully_not_crash PASSED [ 25%]
tests/test_density.py::test_near_coincident_points_kde_succeeds_but_voronoi_unavailable PASSED [ 25%]
tests/test_density.py::test_is_lost_tracks_excluded_from_density_input PASSED [ 25%]
tests/test_dis_optical_flow.py::test_optical_flow_modules_have_no_detection_or_tracking_dependency PASSED [ 25%]
tests/test_dis_optical_flow.py::test_known_synthetic_translation_matches_expected_shift PASSED [ 26%]
tests/test_dis_optical_flow.py::test_zero_motion_between_identical_frames PASSED [ 26%]
tests/test_dis_optical_flow.py::test_no_signal_gives_none_not_fabricated_zero PASSED [ 26%]
tests/test_dis_optical_flow.py::test_mismatched_dimensions_raises PASSED [ 26%]
tests/test_dis_optical_flow.py::test_preset_configurability_reflected_in_result PASSED [ 26%]
tests/test_dis_optical_flow.py::test_unsupported_preset_raises PASSED    [ 27%]
tests/test_evidence_api.py::test_list_session_evidence_requires_auth PASSED [ 27%]
tests/test_evidence_api.py::test_get_evidence_package_requires_auth PASSED [ 27%]
tests/test_evidence_api.py::test_list_session_evidence_returns_persisted_packages PASSED [ 27%]
tests/test_evidence_api.py::test_get_evidence_package_returns_nested_items PASSED [ 28%]
tests/test_evidence_api.py::test_get_evidence_package_not_found PASSED   [ 28%]
tests/test_evidence_api.py::test_list_session_evidence_session_not_found PASSED [ 28%]
tests/test_evidence_api.py::test_evidence_access_token_route_requires_auth PASSED [ 28%]
tests/test_evidence_api.py::test_evidence_access_token_route_returns_a_real_token PASSED [ 28%]
tests/test_evidence_api.py::test_evidence_access_token_route_nonexistent_package_returns_404 PASSED [ 29%]
tests/test_evidence_api.py::test_evidence_frame_image_served_with_valid_token_returns_real_jpeg_bytes PASSED [ 29%]
tests/test_evidence_api.py::test_evidence_roi_image_served_with_valid_token_returns_real_jpeg_bytes PASSED [ 29%]
tests/test_evidence_api.py::test_evidence_image_with_no_token_returns_401 PASSED [ 29%]
tests/test_evidence_api.py::test_evidence_image_with_invalid_token_returns_401 PASSED [ 30%]
tests/test_evidence_api.py::test_evidence_image_with_token_for_a_different_package_returns_401 PASSED [ 30%]
tests/test_evidence_api.py::test_one_evidence_token_works_for_both_frame_and_roi_images PASSED [ 30%]
tests/test_evidence_builder.py::test_happy_path_confidence_binding_completeness PASSED [ 30%]
tests/test_evidence_builder.py::test_empty_but_successful_vlm_result_is_complete PASSED [ 30%]
tests/test_evidence_builder.py::test_failed_vlm_call_marks_incomplete_but_confidence_still_computed PASSED [ 31%]
tests/test_evidence_builder.py::test_unavailable_bottleneck_signal_surfaces_in_missing PASSED [ 31%]
tests/test_evidence_builder.py::test_reverse_flow_contradiction_detected_and_unresolved PASSED [ 31%]
tests/test_evidence_builder.py::test_critical_risk_no_visual_evidence_contradiction_detected PASSED [ 31%]
tests/test_evidence_builder.py::test_consistent_case_raises_no_false_contradiction PASSED [ 32%]
tests/test_evidence_builder.py::test_representative_frame_and_roi_crop_saved_to_disk PASSED [ 32%]
tests/test_evidence_persistence.py::test_persist_creates_package_and_item_rows PASSED [ 32%]
tests/test_evidence_persistence.py::test_jsonb_fields_round_trip_intact_including_nested_units_disclaimer PASSED [ 32%]
tests/test_evidence_persistence.py::test_no_update_function_exists_for_persisted_rows PASSED [ 32%]
tests/test_evidence_persistence.py::test_get_session_evidence_packages_ordering_most_recent_first PASSED [ 33%]
tests/test_evidence_persistence.py::test_get_evidence_package_found_and_not_found PASSED [ 33%]
tests/test_evidence_token.py::test_generate_and_validate_round_trip PASSED [ 33%]
tests/test_evidence_token.py::test_expired_token_rejected PASSED         [ 33%]
tests/test_evidence_token.py::test_token_issued_for_one_evidence_package_rejected_against_another PASSED [ 34%]
tests/test_evidence_token.py::test_malformed_token_rejected PASSED       [ 34%]
tests/test_evidence_token.py::test_tampered_token_rejected PASSED        [ 34%]
tests/test_evidence_token.py::test_a_normal_access_token_is_rejected_as_an_evidence_token PASSED [ 34%]
tests/test_evidence_token.py::test_an_evidence_token_is_rejected_as_a_normal_access_token PASSED [ 34%]
tests/test_evidence_token.py::test_a_video_stream_token_is_rejected_as_an_evidence_token PASSED [ 35%]
tests/test_evidence_token.py::test_an_evidence_token_is_rejected_as_a_video_stream_token PASSED [ 35%]
tests/test_evidence_token.py::test_a_heatmap_token_is_rejected_as_an_evidence_token PASSED [ 35%]
tests/test_evidence_token.py::test_an_evidence_token_is_rejected_as_a_heatmap_token PASSED [ 35%]
tests/test_flow_field.py::test_uniform_flow_gives_near_zero_divergence_and_curl PASSED [ 36%]
tests/test_flow_field.py::test_radial_explosion_gives_positive_divergence_near_center PASSED [ 36%]
tests/test_flow_field.py::test_rotational_vortex_gives_curl_with_sign_matching_rotation_direction PASSED [ 36%]
tests/test_flow_field.py::test_variable_cell_has_higher_velocity_variance_than_uniform_cell PASSED [ 36%]
tests/test_flow_field.py::test_grid_mean_velocity_is_true_pixels_per_second_not_frame_interval PASSED [ 36%]
tests/test_flow_field.py::test_divergence_and_curl_are_grid_size_independent_for_identical_motion PASSED [ 37%]
tests/test_flow_field.py::test_elapsed_seconds_must_be_positive PASSED   [ 37%]
tests/test_frame_source.py::test_frames_yields_expected_count_and_sequential_numbers PASSED [ 37%]
tests/test_frame_source.py::test_frame_image_has_correct_shape PASSED    [ 37%]
tests/test_frame_source.py::test_get_metadata_returns_correct_values PASSED [ 38%]
tests/test_frame_source.py::test_frame_step_yields_original_frame_numbers_not_renumbered PASSED [ 38%]
tests/test_frame_source.py::test_file_is_not_locked_after_context_exits PASSED [ 38%]
tests/test_frame_source.py::test_opening_corrupt_file_raises PASSED      [ 38%]
tests/test_frame_source.py::test_opening_empty_file_raises PASSED        [ 38%]
tests/test_frame_source.py::test_opening_nonexistent_file_raises PASSED  [ 39%]
tests/test_health.py::test_health PASSED                                 [ 39%]
tests/test_heatmap_rendering.py::test_density_heatmap_has_correct_dimensions PASSED [ 39%]
tests/test_heatmap_rendering.py::test_pressure_heatmap_has_correct_dimensions PASSED [ 39%]
tests/test_heatmap_rendering.py::test_flow_congestion_heatmap_has_correct_dimensions PASSED [ 40%]
tests/test_heatmap_rendering.py::test_risk_heatmap_has_correct_dimensions PASSED [ 40%]
tests/test_heatmap_rendering.py::test_predictive_heatmap_has_correct_dimensions PASSED [ 40%]
tests/test_heatmap_rendering.py::test_density_normalization_reference_and_zero PASSED [ 40%]
tests/test_heatmap_rendering.py::test_pressure_normalization_reference_and_zero PASSED [ 40%]
tests/test_heatmap_rendering.py::test_risk_normalization_reference_and_zero PASSED [ 41%]
tests/test_heatmap_rendering.py::test_risk_heatmap_reuses_phase11_redistribute_weights_function_directly PASSED [ 41%]
tests/test_heatmap_rendering.py::test_risk_heatmap_directional_correlation_with_phase11_scalar_not_exact_equality PASSED [ 41%]
tests/test_heatmap_rendering.py::test_predictive_heatmap_matches_hand_calculated_trend_scaling PASSED [ 41%]
tests/test_heatmap_rendering.py::test_predictive_heatmap_zero_current_mean_pressure_does_not_divide_by_zero PASSED [ 42%]
tests/test_heatmap_rendering.py::test_pressure_heatmap_units_disclaimer_genuinely_present PASSED [ 42%]
tests/test_heatmap_rendering.py::test_predictive_heatmap_trend_disclaimer_genuinely_present PASSED [ 42%]
tests/test_heatmap_rendering.py::test_risk_heatmap_spatial_disclaimer_genuinely_present PASSED [ 42%]
tests/test_heatmap_rendering.py::test_density_heatmap_composites_real_source_frame_not_flat_colormap PASSED [ 42%]
tests/test_heatmap_rendering.py::test_heatmap_overlay_alpha_respected PASSED [ 43%]
tests/test_heatmap_service.py::test_full_crowd_metrics_generates_all_5_types_with_real_files PASSED [ 43%]
tests/test_heatmap_service.py::test_missing_projection_generates_exactly_4_types_predictive_skipped PASSED [ 43%]
tests/test_heatmap_service.py::test_file_naming_collision_free_across_frame_numbers PASSED [ 43%]
tests/test_heatmap_token.py::test_generate_and_validate_round_trip PASSED [ 44%]
tests/test_heatmap_token.py::test_expired_token_rejected PASSED          [ 44%]
tests/test_heatmap_token.py::test_token_issued_for_one_heatmap_rejected_against_another PASSED [ 44%]
tests/test_heatmap_token.py::test_malformed_token_rejected PASSED        [ 44%]
tests/test_heatmap_token.py::test_tampered_token_rejected FAILED         [ 44%]
tests/test_heatmap_token.py::test_a_normal_access_token_is_rejected_as_a_heatmap_token PASSED [ 45%]
tests/test_heatmap_token.py::test_a_heatmap_token_is_rejected_as_a_normal_access_token PASSED [ 45%]
tests/test_heatmap_token.py::test_a_video_stream_token_is_rejected_as_a_heatmap_token PASSED [ 45%]
tests/test_heatmap_token.py::test_a_heatmap_token_is_rejected_as_a_video_stream_token PASSED [ 45%]
tests/test_heatmaps_api.py::test_list_heatmaps_without_auth_returns_401 PASSED [ 46%]
tests/test_heatmaps_api.py::test_list_heatmaps_returns_generated_snapshots_correct_envelope PASSED [ 46%]
tests/test_heatmaps_api.py::test_list_heatmaps_filters_by_type_query_param PASSED [ 46%]
tests/test_heatmaps_api.py::test_get_latest_heatmap_valid_type_and_existing_snapshot PASSED [ 46%]
tests/test_heatmaps_api.py::test_get_latest_heatmap_invalid_type_returns_400 PASSED [ 46%]
tests/test_heatmaps_api.py::test_get_latest_heatmap_valid_type_but_no_snapshot_returns_404 PASSED [ 47%]
tests/test_heatmaps_api.py::test_list_heatmaps_nonexistent_session_returns_404 PASSED [ 47%]
tests/test_heatmaps_api.py::test_get_latest_heatmap_nonexistent_session_returns_404 PASSED [ 47%]
tests/test_heatmaps_api.py::test_heatmap_access_token_route_requires_auth PASSED [ 47%]
tests/test_heatmaps_api.py::test_heatmap_access_token_route_returns_a_real_token PASSED [ 48%]
tests/test_heatmaps_api.py::test_heatmap_access_token_route_nonexistent_heatmap_returns_404 PASSED [ 48%]
tests/test_heatmaps_api.py::test_heatmap_image_served_with_valid_token_returns_real_jpeg_bytes PASSED [ 48%]
tests/test_heatmaps_api.py::test_heatmap_image_with_no_token_returns_401 PASSED [ 48%]
tests/test_heatmaps_api.py::test_heatmap_image_with_invalid_token_returns_401 PASSED [ 48%]
tests/test_heatmaps_api.py::test_heatmap_image_with_expired_token_returns_401 PASSED [ 49%]
tests/test_heatmaps_api.py::test_heatmap_image_with_token_for_a_different_heatmap_returns_401 PASSED [ 49%]
tests/test_heatmaps_api.py::test_heatmap_image_nonexistent_heatmap_returns_404 PASSED [ 49%]
tests/test_high_density_crowd.py::test_packed_crowd_produces_far_higher_peak_density_than_same_headcount_spread_out PASSED [ 49%]
tests/test_high_density_crowd.py::test_packed_high_density_crowd_with_stalled_flow_is_congested_but_flowing_is_not PASSED [ 50%]
tests/test_high_density_crowd.py::test_packed_high_density_stalled_crowd_yields_higher_risk_score_than_same_crowd_flowing PASSED [ 50%]
tests/test_incident_correlation.py::test_first_incident_worthy_decision_creates_new_incident PASSED [ 50%]
tests/test_incident_correlation.py::test_second_decision_within_window_correlates_and_transitions_to_active PASSED [ 50%]
tests/test_incident_correlation.py::test_third_decision_active_incident_self_loops PASSED [ 51%]
tests/test_incident_correlation.py::test_decision_after_window_elapsed_creates_new_incident PASSED [ 51%]
tests/test_incident_correlation.py::test_decision_when_only_incident_is_terminal_creates_new_incident PASSED [ 51%]
tests/test_incident_correlation.py::test_superseded_incident_decision_is_not_incident_worthy PASSED [ 51%]
tests/test_incident_operator_actions.py::test_acknowledge_sets_fields_and_records_action PASSED [ 51%]
tests/test_incident_operator_actions.py::test_re_acknowledge_is_idempotent_but_still_audited PASSED [ 52%]
tests/test_incident_operator_actions.py::test_dismiss_and_resolve_set_different_closure_reasons PASSED [ 52%]
tests/test_incident_operator_actions.py::test_mark_false_positive PASSED [ 52%]
tests/test_incident_operator_actions.py::test_escalate_sets_elevated_priority PASSED [ 52%]
tests/test_incident_operator_actions.py::test_resolve_already_false_positive_raises_409_equivalent PASSED [ 53%]
tests/test_incident_operator_actions.py::test_dismiss_already_resolved_raises PASSED [ 53%]
tests/test_incident_operator_actions.py::test_acknowledge_already_resolved_raises PASSED [ 53%]
tests/test_incident_operator_actions.py::test_performed_by_recorded_as_real_authenticated_user PASSED [ 53%]
tests/test_incidents_api.py::test_all_routes_require_auth PASSED         [ 53%]
tests/test_incidents_api.py::test_list_session_incidents_happy_path PASSED [ 54%]
tests/test_incidents_api.py::test_get_incident_happy_path PASSED         [ 54%]
tests/test_incidents_api.py::test_get_incident_timeline_nests_full_evidence_and_decision PASSED [ 54%]
tests/test_incidents_api.py::test_incidents_list_widget_shape_unaffected_by_timeline_nesting PASSED [ 54%]
tests/test_incidents_api.py::test_get_incident_not_found PASSED          [ 55%]
tests/test_incidents_api.py::test_list_session_incidents_session_not_found PASSED [ 55%]
tests/test_incidents_api.py::test_acknowledge_happy_path PASSED          [ 55%]
tests/test_incidents_api.py::test_dismiss_happy_path PASSED              [ 55%]
tests/test_incidents_api.py::test_resolve_happy_path PASSED              [ 55%]
tests/test_incidents_api.py::test_false_positive_happy_path PASSED       [ 56%]
tests/test_incidents_api.py::test_action_on_nonexistent_incident_404 PASSED [ 56%]
tests/test_incidents_api.py::test_invalid_transition_returns_409 PASSED  [ 56%]
tests/test_incidents_api.py::test_escalate_requires_admin_operator_gets_403 PASSED [ 56%]
tests/test_incidents_api.py::test_escalate_succeeds_for_admin PASSED     [ 57%]
tests/test_minicpm_vlm.py::test_real_inference_against_real_cropped_frame_returns_well_formed_result PASSED [ 57%]
tests/test_minicpm_vlm.py::test_empty_no_hazard_scene_can_return_empty_observations_list PASSED [ 57%]
tests/test_minicpm_vlm.py::test_adversarial_embedded_instruction_text_does_not_break_schema_validity PASSED [ 57%]
tests/test_minicpm_vlm.py::test_vlm_unavailable_raises_not_silent_success PASSED [ 57%]
tests/test_minicpm_vlm.py::test_out_of_bounds_region_values_trigger_retry_then_raise PASSED [ 58%]
tests/test_minicpm_vlm.py::test_region_and_confidence_bounds_are_structurally_enforced PASSED [ 58%]
tests/test_predictive_projection.py::test_linear_increasing_sequence_matches_hand_calculated_extrapolation PASSED [ 58%]
tests/test_predictive_projection.py::test_flat_sequence_projection_stays_near_current_value PASSED [ 58%]
tests/test_predictive_projection.py::test_noisy_nonmonotonic_sequence_gives_meaningfully_lower_r_squared PASSED [ 59%]
tests/test_predictive_projection.py::test_returns_none_before_minimum_data_points_reached PASSED [ 59%]
tests/test_predictive_projection.py::test_decreasing_sequence_clamped_to_nonnegative_at_horizon PASSED [ 59%]
tests/test_predictive_projection.py::test_two_projectors_do_not_share_state PASSED [ 59%]
tests/test_predictive_projection.py::test_non_monotonic_timestamp_is_rejected_not_silently_absorbed PASSED [ 59%]
tests/test_predictive_projection.py::test_monotonic_operation_completely_unaffected_by_rejection_guard PASSED [ 60%]
tests/test_predictive_projection.py::test_no_predicted_risk_score_exists_anywhere_in_this_module PASSED [ 60%]
tests/test_reasoner.py::test_abstention_short_circuit_never_calls_llm PASSED [ 60%]
tests/test_reasoner.py::test_schema_field_order_evidence_cited_before_outcome PASSED [ 60%]
tests/test_reasoner.py::test_missing_event_classification_on_incident_defaults_to_unknown_without_retry PASSED [ 61%]
tests/test_reasoner.py::test_watch_with_structured_report_is_valid_no_retry PASSED [ 61%]
tests/test_reasoner.py::test_watch_without_structured_report_is_still_valid_no_retry PASSED [ 61%]
tests/test_reasoner.py::test_incident_without_structured_report_still_fails_validation PASSED [ 61%]
tests/test_reasoner.py::test_no_incident_with_structured_report_still_fails_validation PASSED [ 61%]
tests/test_reasoner.py::test_event_classification_and_structured_report_propagate_from_model_output PASSED [ 62%]
tests/test_reasoner.py::test_llm_unavailable_raises_not_silent_fabrication PASSED [ 62%]
tests/test_reasoner.py::test_real_inference_clean_case_produces_well_formed_decision PASSED [ 62%]
tests/test_reasoner.py::test_real_inference_with_projection_snapshot_narrates_not_invents PASSED [ 62%]
tests/test_reasoner.py::test_real_inference_without_projection_snapshot_narrative_is_null PASSED [ 63%]
tests/test_reasoner.py::test_real_inference_watch_case_never_raises_regardless_of_structured_report PASSED [ 63%]
tests/test_reasoner.py::test_real_inference_crisis_case_yields_actionable_outcome_with_recommendation PASSED [ 63%]
tests/test_reverse_flow.py::test_sustained_reversal_flags_true_only_after_persistence_satisfied PASSED [ 63%]
tests/test_reverse_flow.py::test_single_transient_reversed_frame_does_not_trigger_false_positive PASSED [ 63%]
tests/test_reverse_flow.py::test_cell_below_min_baseline_observations_never_flags_reverse_flow PASSED [ 64%]
tests/test_reverse_flow.py::test_two_detectors_do_not_share_state PASSED [ 64%]
tests/test_risk_api.py::test_get_risk_without_auth_returns_401 PASSED    [ 64%]
tests/test_risk_api.py::test_get_risk_with_real_transitions_returns_correct_chronological_data PASSED [ 64%]
tests/test_risk_api.py::test_get_risk_with_zero_transitions_returns_200_not_404 PASSED [ 65%]
tests/test_risk_api.py::test_get_risk_nonexistent_session_returns_404 PASSED [ 65%]
tests/test_risk_events_persistence.py::test_exactly_two_confirmed_transitions_produce_exactly_two_rows PASSED [ 65%]
tests/test_risk_events_persistence.py::test_zero_transition_session_summary_has_no_error PASSED [ 65%]
tests/test_risk_score.py::test_all_four_signals_available_matches_hand_calculated_weighted_average PASSED [ 65%]
tests/test_risk_score.py::test_bottleneck_unavailable_redistributes_weight_correctly PASSED [ 66%]
tests/test_risk_score.py::test_all_zero_inputs_gives_zero_risk_score_and_real_confidence PASSED [ 66%]
tests/test_risk_score.py::test_risk_score_always_clipped_to_0_100_under_adversarial_inputs PASSED [ 66%]
tests/test_risk_score.py::test_confidence_exactly_propagated_from_density_never_invented[0.4] PASSED [ 66%]
tests/test_risk_score.py::test_confidence_exactly_propagated_from_density_never_invented[0.5] PASSED [ 67%]
tests/test_risk_score.py::test_confidence_exactly_propagated_from_density_never_invented[0.85] PASSED [ 67%]
tests/test_risk_score.py::test_confidence_exactly_propagated_from_density_never_invented[1.0] PASSED [ 67%]
tests/test_risk_score.py::test_weights_not_summing_to_one_raises_clear_config_error PASSED [ 67%]
tests/test_risk_state.py::test_single_anomalous_frame_never_triggers_escalation PASSED [ 67%]
tests/test_risk_state.py::test_persistence_confirmed_transition_occurs_at_exact_frame PASSED [ 68%]
tests/test_risk_state.py::test_hysteresis_prevents_flapping_back_to_normal PASSED [ 68%]
tests/test_risk_state.py::test_full_escalation_path_normal_to_elevated_to_critical PASSED [ 68%]
tests/test_risk_state.py::test_de_escalation_from_critical_returns_to_elevated_not_normal PASSED [ 68%]
tests/test_risk_state.py::test_incident_state_is_structurally_unreachable_this_phase PASSED [ 69%]
tests/test_risk_state.py::test_incident_threshold_crossed_flag_only_when_sustained_critical_and_above_incident PASSED [ 69%]
tests/test_risk_state.py::test_two_risk_state_machine_instances_do_not_share_state PASSED [ 69%]
tests/test_risk_state.py::test_config_validation_rejects_out_of_order_thresholds PASSED [ 69%]
tests/test_risk_state.py::test_config_validation_rejects_out_of_bounds_thresholds PASSED [ 69%]
tests/test_roi_selection.py::test_select_roi_centers_on_argmax_cell_and_expands_by_factor PASSED [ 70%]
tests/test_roi_selection.py::test_select_roi_clamps_to_frame_bounds_near_edge PASSED [ 70%]
tests/test_roi_selection.py::test_select_roi_clamps_at_bottom_right_edge PASSED [ 70%]
tests/test_roi_selection.py::test_select_roi_picks_true_argmax_not_first_or_last_cell PASSED [ 70%]
tests/test_roi_selection.py::test_select_roi_shape_mismatch_raises PASSED [ 71%]
tests/test_semantic_admission_queue.py::test_submit_never_blocks_caller_even_while_a_worker_is_busy PASSED [ 71%]
tests/test_semantic_admission_queue.py::test_second_task_queues_while_first_active_and_both_eventually_run PASSED [ 71%]
tests/test_semantic_admission_queue.py::test_queue_overflow_evicts_oldest_queued_task_not_the_newest PASSED [ 71%]
tests/test_semantic_admission_queue.py::test_stale_queued_task_is_dropped_not_executed PASSED [ 71%]
tests/test_semantic_admission_queue.py::test_close_joins_all_worker_threads_no_orphan PASSED [ 72%]
tests/test_semantic_admission_queue.py::test_close_waits_for_active_task_to_finish_not_interrupted PASSED [ 72%]
tests/test_semantic_admission_queue.py::test_submit_after_close_is_rejected_not_silently_ignored PASSED [ 72%]
tests/test_semantic_admission_queue.py::test_metrics_snapshot_never_fabricates_queue_wait_when_nothing_ran PASSED [ 72%]
tests/test_semantic_admission_queue.py::test_failed_task_is_counted_and_does_not_crash_the_worker PASSED [ 73%]
tests/test_session_copilot.py::test_serialized_context_never_leaks_another_sessions_data PASSED [ 73%]
tests/test_session_copilot.py::test_serialized_context_bounds_event_count PASSED [ 73%]
tests/test_session_copilot.py::test_serialized_context_includes_events_vs_incidents_distinction PASSED [ 73%]
tests/test_session_copilot.py::test_suggested_questions_zero_events_session PASSED [ 73%]
tests/test_session_copilot.py::test_suggested_questions_with_events_and_incidents PASSED [ 74%]
tests/test_session_copilot.py::test_suggested_questions_route PASSED     [ 74%]
tests/test_session_copilot.py::test_ask_copilot_route_not_found PASSED   [ 74%]
tests/test_session_copilot.py::test_ask_copilot_route_returns_grounded_answer PASSED [ 74%]
tests/test_session_copilot.py::test_ask_copilot_route_unavailable_returns_503 PASSED [ 75%]
tests/test_session_copilot.py::test_ask_copilot_cannot_retrieve_other_sessions_data PASSED [ 75%]
tests/test_session_copilot.py::test_real_ask_returns_schema_valid_grounded_answer PASSED [ 75%]
tests/test_session_report_service.py::test_zero_events_report_is_meaningful_not_empty PASSED [ 75%]
tests/test_session_report_service.py::test_unknown_session_returns_none PASSED [ 75%]
tests/test_session_report_service.py::test_watch_only_events_are_distinct_from_incidents PASSED [ 76%]
tests/test_session_report_service.py::test_confirmed_incident_marks_event_status_incident_and_links_incident_id PASSED [ 76%]
tests/test_session_report_service.py::test_timeline_includes_events_sorted_by_timestamp PASSED [ 76%]
tests/test_session_report_service.py::test_severity_tag_pure_function PASSED [ 76%]
tests/test_session_report_service.py::test_location_description_pure_function PASSED [ 77%]
tests/test_sessions.py::test_create_session_valid_video PASSED           [ 77%]
tests/test_sessions.py::test_create_session_nonexistent_video PASSED     [ 77%]
tests/test_sessions.py::test_create_session_without_auth PASSED          [ 77%]
tests/test_sessions.py::test_model_config_is_deduplicated PASSED         [ 77%]
tests/test_sessions.py::test_start_session_from_created PASSED           [ 78%]
tests/test_sessions.py::test_start_session_already_queued_conflicts PASSED [ 78%]
tests/test_sessions.py::test_cancel_session_from_created PASSED          [ 78%]
tests/test_sessions.py::test_cancel_session_from_queued_also_cancels_processing_run PASSED [ 78%]
tests/test_sessions.py::test_cancel_session_already_cancelled_conflicts PASSED [ 79%]
tests/test_sessions.py::test_list_sessions_respects_filters_and_pagination PASSED [ 79%]
tests/test_sessions.py::test_get_session_not_found PASSED                [ 79%]
tests/test_sessions.py::test_get_session_status_lightweight_shape PASSED [ 79%]
tests/test_sessions.py::test_get_session_report_not_found PASSED         [ 79%]
tests/test_sessions.py::test_get_session_report_zero_events_shape PASSED [ 80%]
tests/test_stream_token.py::test_generate_and_validate_round_trip PASSED [ 80%]
tests/test_stream_token.py::test_expired_token_rejected PASSED           [ 80%]
tests/test_stream_token.py::test_token_issued_for_one_video_rejected_against_another PASSED [ 80%]
tests/test_stream_token.py::test_malformed_token_rejected PASSED         [ 81%]
tests/test_stream_token.py::test_tampered_token_rejected PASSED          [ 81%]
tests/test_stream_token.py::test_a_normal_access_token_is_rejected_as_a_stream_token PASSED [ 81%]
tests/test_stream_token.py::test_a_stream_token_is_rejected_as_a_normal_access_token PASSED [ 81%]
tests/test_system_status.py::test_system_status_requires_auth PASSED     [ 81%]
tests/test_system_status.py::test_system_status_all_three_checks_present_and_ok_against_real_infra PASSED [ 82%]
tests/test_system_status.py::test_processing_sessions_count_reflects_a_real_processing_session PASSED [ 82%]
tests/test_system_status.py::test_check_database_reports_degraded_on_a_real_query_failure PASSED [ 82%]
tests/test_system_status.py::test_check_ollama_reports_degraded_when_genuinely_unreachable PASSED [ 82%]
tests/test_system_status.py::test_database_outage_does_not_affect_the_independent_ollama_check PASSED [ 83%]
tests/test_system_status.py::test_ollama_outage_does_not_affect_the_independent_database_check PASSED [ 83%]
tests/test_trigger_engine.py::test_risk_fires_exactly_on_confirmed_escalation_not_every_frame PASSED [ 83%]
tests/test_trigger_engine.py::test_cooldown_suppresses_repeated_same_level_escalation_then_allows_after_expiry PASSED [ 83%]
tests/test_trigger_engine.py::test_cooldown_override_fires_immediately_on_new_higher_escalation PASSED [ 83%]
tests/test_trigger_engine.py::test_fallback_fires_at_its_own_interval_independent_of_risk_state PASSED [ 84%]
tests/test_trigger_engine.py::test_fallback_and_risk_cooldowns_are_independent_and_can_interleave PASSED [ 84%]
tests/test_trigger_engine.py::test_operator_always_wins_over_risk_and_fallback PASSED [ 84%]
tests/test_trigger_engine.py::test_priority_risk_wins_over_fallback_when_both_true_and_fallback_stays_pending PASSED [ 84%]
tests/test_trigger_engine.py::test_acute_hazard_fires_when_signal_flags_and_no_operator_request PASSED [ 85%]
tests/test_trigger_engine.py::test_acute_hazard_signal_not_flagged_does_not_fire PASSED [ 85%]
tests/test_trigger_engine.py::test_acute_hazard_preempts_risk_even_on_a_confirmed_escalation PASSED [ 85%]
tests/test_trigger_engine.py::test_operator_still_wins_over_acute_hazard PASSED [ 85%]
tests/test_trigger_engine.py::test_two_trigger_engine_instances_do_not_share_state PASSED [ 85%]
tests/test_validate_acute_event_video.py::test_compute_sha256_is_deterministic_and_content_sensitive PASSED [ 86%]
tests/test_validate_acute_event_video.py::test_batch_mode_detects_byte_identical_duplicate_and_reports_it PASSED [ 86%]
tests/test_validate_acute_event_video.py::test_batch_mode_reports_missing_file_without_crashing PASSED [ 86%]
tests/test_validate_acute_event_video.py::test_batch_aggregate_reports_no_ground_truth_when_field_absent PASSED [ 86%]
tests/test_validate_acute_event_video.py::test_batch_aggregate_never_computes_precision_recall_even_with_partial_ground_truth PASSED [ 87%]
tests/test_validate_acute_event_video.py::test_single_video_deterministic_scan_writes_expected_schema PASSED [ 87%]
tests/test_validate_acute_event_video.py::test_no_save_crops_removes_frame_images_but_keeps_reports PASSED [ 87%]
tests/test_validate_acute_event_video.py::test_build_montage_handles_missing_panels_without_crashing PASSED [ 87%]
tests/test_validate_acute_event_video.py::test_build_montage_wraps_to_multiple_rows_past_column_limit PASSED [ 87%]
tests/test_validate_acute_event_video.py::test_event_report_deterministic_mode_omits_vlm_and_decision_sections PASSED [ 88%]
tests/test_validate_acute_event_video.py::test_event_report_full_chain_mode_includes_decision_layer PASSED [ 88%]
tests/test_validate_acute_event_video.py::test_event_report_spatial_fields_render_na_when_unavailable PASSED [ 88%]
tests/test_validate_acute_event_video.py::test_diagnose_stage_vlm_unavailable PASSED [ 88%]
tests/test_validate_acute_event_video.py::test_diagnose_stage_reasoner_unavailable_when_no_decision_row PASSED [ 89%]
tests/test_validate_acute_event_video.py::test_diagnose_stage_abstain_sub_reasons[ACUTE_HAZARD trigger fired but VLM evidence does not corroborate with an acute-hazard-consistent observation category-EVIDENCE_CONSISTENCY_GATE] PASSED [ 89%]
tests/test_validate_acute_event_video.py::test_diagnose_stage_abstain_sub_reasons[unresolved contradiction(s) present: reverse_flow_not_visually_confirmed-CONTRADICTION_CHECK] PASSED [ 89%]
tests/test_validate_acute_event_video.py::test_diagnose_stage_abstain_sub_reasons[confidence=0.300 is at or below DECISION_CONFIDENCE_FLOOR=0.400-CONFIDENCE_FLOOR] PASSED [ 89%]
tests/test_validate_acute_event_video.py::test_diagnose_stage_abstain_sub_reasons[evidence is materially incomplete: missing=['bottleneck_signal']-INCOMPLETE_EVIDENCE] PASSED [ 89%]
tests/test_validate_acute_event_video.py::test_diagnose_stage_abstain_sub_reasons[some entirely different reason-ABSTENTION_OTHER] PASSED [ 90%]
tests/test_validate_acute_event_video.py::test_diagnose_stage_incident_created_vs_incident_without_row PASSED [ 90%]
tests/test_validate_acute_event_video.py::test_diagnose_stage_watch_and_no_incident PASSED [ 90%]
tests/test_validate_acute_event_video.py::test_spatial_coherence_all_zero_grid_has_no_active_cells PASSED [ 90%]
tests/test_validate_acute_event_video.py::test_spatial_coherence_single_hot_cell_is_fully_coherent PASSED [ 91%]
tests/test_verification_gate.py::test_incident_is_verified PASSED        [ 91%]
tests/test_verification_gate.py::test_watch_is_not_verified PASSED       [ 91%]
tests/test_verification_gate.py::test_no_incident_is_not_verified PASSED [ 91%]
tests/test_verification_gate.py::test_abstain_is_not_verified PASSED     [ 91%]
tests/test_verification_persistence.py::test_passed_verification_creates_one_row_no_new_decision PASSED [ 92%]
tests/test_verification_persistence.py::test_failed_verification_creates_superseding_decision PASSED [ 92%]
tests/test_verification_persistence.py::test_original_decision_row_unchanged_after_failed_verification PASSED [ 92%]
tests/test_verification_persistence.py::test_no_update_function_exists_in_verification_service PASSED [ 92%]
tests/test_verification_prechecks.py::test_confidence_consistency_passes_when_equal PASSED [ 93%]
tests/test_verification_prechecks.py::test_confidence_consistency_fails_when_different PASSED [ 93%]
tests/test_verification_prechecks.py::test_evidence_grounding_passes_for_valid_field_name_and_observation_id PASSED [ 93%]
tests/test_verification_prechecks.py::test_evidence_grounding_fails_for_fabricated_citation PASSED [ 93%]
tests/test_verification_prechecks.py::test_evidence_grounding_fails_for_fabricated_observation_id PASSED [ 93%]
tests/test_verifier.py::test_deterministic_short_circuit_never_calls_llm PASSED [ 94%]
tests/test_verifier.py::test_llm_verification_unavailable_raises PASSED  [ 94%]
tests/test_verifier.py::test_real_verification_of_well_grounded_incident_decision_passes_and_uses_think_true PASSED [ 94%]
tests/test_verifier.py::test_real_verification_catches_deliberately_unsupported_claim PASSED [ 94%]
tests/test_video_streaming.py::test_stream_token_route_requires_auth PASSED [ 95%]
tests/test_video_streaming.py::test_stream_token_route_returns_a_real_token PASSED [ 95%]
tests/test_video_streaming.py::test_stream_full_file_no_range_returns_200_with_correct_content_type PASSED [ 95%]
tests/test_video_streaming.py::test_stream_with_range_header_returns_206_with_correct_byte_slice PASSED [ 95%]
tests/test_video_streaming.py::test_stream_with_open_ended_range_returns_correct_tail_slice PASSED [ 95%]
tests/test_video_streaming.py::test_stream_with_no_token_returns_401 PASSED [ 96%]
tests/test_video_streaming.py::test_stream_with_invalid_token_returns_401 PASSED [ 96%]
tests/test_video_streaming.py::test_stream_with_expired_token_returns_401 PASSED [ 96%]
tests/test_video_streaming.py::test_stream_with_token_for_a_different_video_returns_401 PASSED [ 96%]
tests/test_videos.py::test_upload_valid_mp4 PASSED                       [ 97%]
tests/test_videos.py::test_upload_old_phase3_fixture_now_rejected_as_unreadable PASSED [ 97%]
tests/test_videos.py::test_upload_without_authorization_header PASSED    [ 97%]
tests/test_videos.py::test_upload_wrong_extension PASSED                 [ 97%]
tests/test_videos.py::test_upload_fails_magic_byte_check PASSED          [ 97%]
tests/test_videos.py::test_upload_exceeding_max_size PASSED              [ 98%]
tests/test_videos.py::test_upload_missing_file_field_returns_envelope_shaped_422 PASSED [ 98%]
tests/test_videos.py::test_list_videos_respects_limit_and_offset PASSED  [ 98%]
tests/test_videos.py::test_get_video_by_id PASSED                        [ 98%]
tests/test_videos.py::test_get_video_by_id_not_found PASSED              [ 99%]
tests/test_yolo_detector.py::test_blank_frame_yields_zero_detections_no_error PASSED [ 99%]
tests/test_yolo_detector.py::test_result_passes_through_frame_number_and_timestamp PASSED [ 99%]
tests/test_yolo_detector.py::test_result_reports_model_name_and_confidence_threshold PASSED [ 99%]
tests/test_yolo_detector.py::test_unsupported_detector_runtime_raises PASSED [100%]

================================== FAILURES ===================================
________________________ test_tampered_token_rejected _________________________

    def test_tampered_token_rejected():
        heatmap_id = uuid.uuid4()
        token = generate_heatmap_access_token(heatmap_id, uuid.uuid4())
        tampered = token[:-1] + ("A" if token[-1] != "A" else "B")
    
>       with pytest.raises(HeatmapAccessTokenError):
E       Failed: DID NOT RAISE HeatmapAccessTokenError

tests\test_heatmap_token.py:60: Failed
============================== warnings summary ===============================
.venv\Lib\site-packages\fastapi\testclient.py:1
  C:\Dev\Crowdshield\backend\.venv\Lib\site-packages\fastapi\testclient.py:1: StarletteDeprecationWarning: Using `httpx` with `starlette.testclient` is deprecated; install `httpx2` instead.
    from starlette.testclient import TestClient as TestClient  # noqa

-- Docs: https://docs.pytest.org/en/stable/how-to/capture-warnings.html
=========================== short test summary info ===========================
FAILED tests/test_heatmap_token.py::test_tampered_token_rejected - Failed: DI...
============ 1 failed, 448 passed, 1 warning in 1139.83s (0:18:59) ============
